<!DOCTYPE html>
<html>
<head lang="en">
    <meta charset="UTF-8">
    <title>Grunt Inject JS Test file</title>
    <script type="text/javascript">(function (i, s, o, g, r, a, m) { i['GoogleAnalyticsObject'] = r; i[r] = i[r] || function () { (i[r].q = i[r].q || []).push(arguments); }, i[r].l = 1 * new Date(); a = s.createElement(o), m = s.getElementsByTagName(o)[0]; a.async = 1; a.src = g; m.parentNode.insertBefore(a, m); })(window, document, 'script', '//www.google-analytics.com/analytics.js', 'ga');
</script>
    <script type="text/javascript">(function () { var a, b, c, d = window, e = document, f = arguments, g = "script", h = ["config", "track", "trackForm", "trackClick", "identify", "visit", "push", "call"], i = function () { var a, b = this, c = function (a) { b[a] = function () { return b._e.push([a].concat(Array.prototype.slice.call(arguments, 0))), b } }; for (b._e = [], a = 0; a < h.length; a++) c(h[a]) }; for (d.__woo = d.__woo || {}, a = 0; a < f.length; a++) d.__woo[f[a]] = d[f[a]] = d[f[a]] || new i; b = e.createElement(g), b.async = 1, b.src = "//static.woopra.com/js/w.js", c = e.getElementsByTagName(g)[0], c.parentNode.insertBefore(b, c) ;})("woopra");

// configure tracker
woopra.config({
    domain: 'domain.com'
});
</script>
</head>
<body>
<h1>Test File</h1>
<p>
    Content of test file
</p>
<script type="text/javascript">piAId = '0000';piCId = '0000';(function (){function async_load(){ var s = document.createElement('script'); s.type = 'text/javascript';s.src = ('https:' == document.location.protocol ? 'https://pi' : 'http://cdn') + '.pardot.com/pd.js';var c = document.getElementsByTagName('script')[0]; c.parentNode.insertBefore(s, c);}if (window.attachEvent) { window.attachEvent('onload', async_load);} else {window.addEventListener('load', async_load, false);}})();
</script>
</body>
</html>