<!DOCTYPE html>
<html>
<head lang="en">
    <meta charset="UTF-8">
    <title>Grunt Inject JS Test file</title>
    
    
</head>
<body>
<h1>Test File</h1>
<p>
    Content of test file
</p>

</body>
</html>